[09/27/26 10:54:55] info     ================= cer started =================
[09/27/26 10:54:55] info     C:\Program Files\Autodesk\AutoCAD 2027\cer.dll, 7.2.4+20251128.8f05bb68.927
[09/27/26 10:54:55] info     Setting key SP/SDK_VERSION, value 7.2.4+20251128.8f05bb68.927 (maxCount 1)
[09/27/26 10:54:55] info     Setting key SP/PRODUCT_NAME_HASH, value f4bac121a1625586cb5b9106c8e839a7990f2b6c (maxCount 1)
[09/27/26 10:54:55] info     Setting key SP/RUNTIME_ARCH, value 1 (maxCount 1)
[09/27/26 10:54:55] info     Set senddmp exe path to C:\Program Files\Autodesk\AutoCAD 2027\CER\senddmp.exe
[09/27/26 10:54:55] info     The cer_service exe C:\Program Files\Autodesk\AutoCAD 2027\CER\service\cer_service.exe is not in folder C:\Program Files\Autodesk\AutoCAD 2027\CER\, it's not a sandbox
[09/27/26 10:54:55] info     Set upi exe path to C:\Program Files\Autodesk\AutoCAD 2027\CER\upi.exe
[09/27/26 10:54:55] info     launching C:\Program Files\Autodesk\AutoCAD 2027\CER\upi.exe --cmd=get-device-id C:\Users\novik\AppData\Local\Temp\15FCE767F24F74D1\Temp\upi_deviceid2
[09/27/26 10:54:55] info     Set deviceID2 to BE6446DA36AD3E39E6FE95EE6E702A48D9882E58E8870C9F2E31FC0E57522044&98EF020F7AA778751C28226D27CA2E474246F5D12E8B18A392335D21647C2F48&FBD7CFDC924CCF9957BC9C715B2F0593B83D6782B47F99FAA1CFC07A98F6A127
[09/27/26 10:54:55] info     Setting key SP/DEVICEID2, value BE6446DA36AD3E39E6FE95EE6E702A48D9882E58E8870C9F2E31FC0E57522044&98EF020F7AA778751C28226D27CA2E474246F5D12E8B18A392335D21647C2F48&FBD7CFDC924CCF9957BC9C715B2F0593B83D6782B47F99FAA1CFC07A98F6A127 (maxCount 1)
[09/27/26 10:54:55] info     Setting key SP/UUID, value f4bac121a1625586cb5b9106c8e839a7990f2b6cBE6446DA36AD3E39E6FE95EE6E702A48D9882E58E8870C9F2E31FC0E57522044&98EF020F7AA778751C28226D27CA2E474246F5D12E8B18A392335D21647C2F48&FBD7CFDC924CCF9957BC9C715B2F0593B83D6782B47F99FAA1CFC07A98F6A127 (maxCount 1)
[09/27/26 10:54:55] info     Set senddmp exe path to C:\Program Files\Autodesk\AutoCAD 2027\CER\senddmp.exe
[09/27/26 10:54:55] info     The cer_service exe C:\Program Files\Autodesk\AutoCAD 2027\CER\service\cer_service.exe is not in folder C:\Program Files\Autodesk\AutoCAD 2027\CER\, it's not a sandbox
[09/27/26 10:54:55] info     launching C:\Program Files\Autodesk\AutoCAD 2027\CER\upi.exe "C:\Program Files\Autodesk\AutoCAD 2027\en-US\UPI\upiconfig.xml" C:\Users\novik\AppData\Local\Temp\15FCE767F24F74D1\Temp\upi_info.xml
[09/27/26 10:54:55] info     Setting key SP/UPI_PRODUCT, value ACD (maxCount 1)
[09/27/26 10:54:55] info     Setting key SP/UPI_RELEASE, value 2027 (maxCount 1)
[09/27/26 10:54:55] info     Setting key SP/UPI_MASTER, value {28B89EEF-A101-0409-2102-CF3F3A09B77D} (maxCount 1)
[09/27/26 10:54:55] info     Setting key SP/UPI_BUILD, value 26.0.118.0.0 (maxCount 1)
[09/27/26 10:54:55] info     Setting key SP/UPI_FULL_XML, value <?xml version="1.0"?><upipackage><upivalue version="1.0" type="product" requestingapp="true"><level name="productline" id="ACD"><level name="release" id="2027"><level name="master" id="{28B89EEF-A101-0409-2102-CF3F3A09B77D}"><level name="build" id="26.0.118.0.0"/></level></level></level></upivalue>
<upivalue version="1.0" type="product"><level name="productline" id="ACD"><level name="release" id="2027"><level name="master" id="{28B89EEF-A101-0409-1102-CF3F3A09B77D}"><level name="build" id="26.0.118.0.0"/></level></level></level></upivalue>
<upivalue version="1.0" type="product"><level name="productline" id="ARCHDESK"><level name="release" id="2027"><level name="master" id="{28B89EEE-A104-0000-5102-CF3F3A09B77D}"><level name="build" id="8.9.46.0"/></level></level></level></upivalue>
<upivalue version="1.0" type="product"><level name="productline" id="ACD"><level name="release" id="2027"><level name="master" id="{28B89EEF-A101-0000-0102-CF3F3A09B77D}"><level name="build" id="26.0.118.0.0"/></level></level></level></upivalue>
<upivalue version="1.0" type="product"><level name="productline" id="ACAD_E"><level name="release" id="2027"><level name="master" id="{28B89EEF-A107-0409-1102-CF3F3A09B77D}"><level name="build" id="24.0.55.0.0"/></level></level></level></upivalue>
<upivalue version="1.0" type="product"><level name="productline" id="ACAD_E"><level name="release" id="2027"><level name="master" id="{28B89EEF-A107-0000-0102-CF3F3A09B77D}"><level name="build" id="24.0.71.0.0"/></level></level></level></upivalue>
<upivalue version="1.0" type="product"><level name="productline" id="ACAD_E"><level name="release" id="2027"><level name="master" id="{28B89EEF-A107-0409-2102-CF3F3A09B77D}"><level name="build" id="24.0.71.0.0"/></level></level></level></upivalue>
<upi_error>Error loading C:\Program Files\Autodesk\Content Migration Utility for AutoCAD Electrical\UPI\upiconfig.xml</upi_error><upi_error>Error loading C:\Program Files\Autodesk\Content Migration Utility for AutoCAD Electrical\en-US\UPI\upiconfig.xml</upi_error></upipackage> (maxCount 1)
[09/27/26 10:54:55] info     set legacy options: /APPICON "C:\Program Files\Autodesk\AutoCAD 2027\AcBrandRes.dll" /APPICONID 1
[09/27/26 10:54:55] info     Setting key RP/AppIcon, value C:\Program Files\Autodesk\AutoCAD 2027\AcBrandRes.dll (maxCount 1)
[09/27/26 10:54:55] info     Setting key RP/AppIconId, value 1 (maxCount 1)
[09/27/26 10:54:55] info     Setting key RP/CadSettingsRegPath, value Software\Autodesk\AutoCAD\R26.0\ACAD-A101:409\CadManagerControl\CustomerErrorReport (maxCount 1)
[09/27/26 10:54:55] info     Setting key RP/AppLocaleId, value 1033 (maxCount 1)
[09/27/26 10:54:55] info     Setting key RP/AppXML, value <ProductInformation name ="AutoCAD" build_version="X.118.0.0(x64)" registry_version="26.0" install_id_string="15FCE767F24F74D1" registry_localeID="1033" git_commit_id="2c19eb970fc25f5e380f0bd3736f8ba9103aade4" /> (maxCount 100)
[09/27/26 10:54:55] info     Setting key SP/THEME_TYPE, value Blue (maxCount 1)
[09/27/26 10:54:55] info     Setting key SP/EXCEPTION_INFO_POINTER, value 140720274572568 (maxCount 1)
[09/27/26 10:54:55] info     Setting key SP/THREAD_ID, value 4294967295 (maxCount 1)
[09/27/26 10:54:55] info     Get key SP/THREAD_ID, index 0: "4294967295"
[09/27/26 10:54:55] info     Setting key SP/WER, value 0 (maxCount 1)
[09/27/26 10:54:55] info     Get key SP/WER, index 0: "0"
[09/27/26 10:54:55] info     Registered C:\Program Files\Autodesk\AutoCAD 2027\cer.dll as WER runtime exception module
[09/27/26 10:54:55] info     Current ErrorMode is 32769
[09/27/26 10:54:55] debug    Receiver ping: pong
